// Jest Snapshot v1, https://goo.gl/fbAQLP

exports[`renders landing page 1`] = `
<div>
  Hey there... you!
</div>
`;
